[  741676ms] [ERROR] Failed to load resource: the server responded with a status of 500 (Internal Server Error) @ http://localhost:3000/api/fractions/actively-delegated-by-week?startWeek=117&endWeek=117:0
[  741691ms] [ERROR] Failed to load resource: the server responded with a status of 500 (Internal Server Error) @ http://localhost:3000/api/fractions/total-actively-delegated?includeApy=true:0
[  741708ms] [ERROR] Failed to load resource: the server responded with a status of 500 (Internal Server Error) @ http://localhost:3000/api/fractions/actively-delegated-by-week?startWeek=97&endWeek=116:0
[  741727ms] [ERROR] Failed to load resource: the server responded with a status of 500 (Internal Server Error) @ http://localhost:3000/api/glow-circulating?range=1w&includePartialWeek=true:0
[  741747ms] [ERROR] Failed to load resource: the server responded with a status of 500 (Internal Server Error) @ http://localhost:3000/api/pol-summary:0
[  741762ms] [ERROR] Failed to load resource: the server responded with a status of 500 (Internal Server Error) @ http://localhost:3000/api/pol-liquidity-snapshot?range=20w:0
[  742273ms] [ERROR] Failed to load resource: the server responded with a status of 500 (Internal Server Error) @ http://localhost:3000/api/pol-revenue-regions:0
[  742287ms] [ERROR] Failed to load resource: the server responded with a status of 500 (Internal Server Error) @ http://localhost:3000/api/pol-liquidity-snapshot?range=13w:0
[  742302ms] [ERROR] Failed to load resource: the server responded with a status of 500 (Internal Server Error) @ http://localhost:3000/api/pol-liquidity?range=21w:0
[  742316ms] [ERROR] Failed to load resource: the server responded with a status of 500 (Internal Server Error) @ http://localhost:3000/api/pol-revenue-aggregate:0
[  742329ms] [ERROR] Failed to load resource: the server responded with a status of 500 (Internal Server Error) @ http://localhost:3000/api/pol-revenue-farms:0
[  742363ms] [ERROR] Failed to load resource: the server responded with a status of 500 (Internal Server Error) @ http://localhost:3000/api/glow-circulating?range=20w&includePartialWeek=true:0
[  742635ms] [ERROR] Failed to load resource: the server responded with a status of 500 (Internal Server Error) @ http://localhost:3000/api/image-proxy?url=https%3A%2F%2Fpub-e71c2d06062242109db2bdd6b0bb5ee0.r2.dev%2F8dcf8df9-9d1b-4c10-b648-ac7b2f63dd28%2Fmisc_after_install_pictures_6b857fb1_7245_4669_a003_76731682bce7_7d8ec27c_14ba_49aa_9254_73dd661faf0a_dji_20250911104855_0023_v.jpg&w=600&q=80:0
[  742654ms] [ERROR] Failed to load resource: the server responded with a status of 500 (Internal Server Error) @ http://localhost:3000/api/glw-vesting-schedule:0
[  742673ms] [ERROR] Failed to load resource: the server responded with a status of 500 (Internal Server Error) @ http://localhost:3000/api/image-proxy?url=https%3A%2F%2Fpub-e71c2d06062242109db2bdd6b0bb5ee0.r2.dev%2Ff0211d65-c098-4b28-a8b4-fbe47bee6b55%2Fmisc_after_install_pictures_counted_panels__1_3mw.jpeg&w=600&q=80:0
[  743143ms] [ERROR] Failed to load resource: the server responded with a status of 500 (Internal Server Error) @ http://localhost:3000/api/fractions/actively-delegated-by-week?startWeek=117&endWeek=117:0
[  743160ms] [ERROR] Failed to load resource: the server responded with a status of 500 (Internal Server Error) @ http://localhost:3000/api/fractions/total-actively-delegated?includeApy=true:0
[  743177ms] [ERROR] Failed to load resource: the server responded with a status of 500 (Internal Server Error) @ http://localhost:3000/api/fractions/actively-delegated-by-week?startWeek=97&endWeek=116:0
[  743191ms] [ERROR] Failed to load resource: the server responded with a status of 500 (Internal Server Error) @ http://localhost:3000/api/pol-summary:0
[  743207ms] [ERROR] Failed to load resource: the server responded with a status of 500 (Internal Server Error) @ http://localhost:3000/api/glow-circulating?range=1w&includePartialWeek=true:0
[  743798ms] [ERROR] Failed to load resource: the server responded with a status of 500 (Internal Server Error) @ http://localhost:3000/api/pol-revenue-regions:0
[  743816ms] [ERROR] Failed to load resource: the server responded with a status of 500 (Internal Server Error) @ http://localhost:3000/api/pol-liquidity?range=21w:0
[  743834ms] [ERROR] Failed to load resource: the server responded with a status of 500 (Internal Server Error) @ http://localhost:3000/api/pol-liquidity-snapshot?range=13w:0
[  743851ms] [ERROR] Failed to load resource: the server responded with a status of 500 (Internal Server Error) @ http://localhost:3000/api/pol-revenue-farms:0
[  743887ms] [ERROR] Failed to load resource: the server responded with a status of 500 (Internal Server Error) @ http://localhost:3000/api/pol-revenue-aggregate:0
[  743906ms] [ERROR] Failed to load resource: the server responded with a status of 500 (Internal Server Error) @ http://localhost:3000/api/glow-circulating?range=20w&includePartialWeek=true:0
[  743996ms] [ERROR] Failed to load resource: the server responded with a status of 500 (Internal Server Error) @ http://localhost:3000/api/glw-vesting-schedule:0
[  745435ms] [ERROR] Failed to load resource: the server responded with a status of 500 (Internal Server Error) @ http://localhost:3000/api/fractions/actively-delegated-by-week?startWeek=117&endWeek=117:0
[  745449ms] [ERROR] Failed to load resource: the server responded with a status of 500 (Internal Server Error) @ http://localhost:3000/api/fractions/actively-delegated-by-week?startWeek=97&endWeek=116:0
[  745465ms] [ERROR] Failed to load resource: the server responded with a status of 500 (Internal Server Error) @ http://localhost:3000/api/fractions/total-actively-delegated?includeApy=true:0
[  749723ms] [ERROR] Failed to load resource: the server responded with a status of 500 (Internal Server Error) @ http://localhost:3000/api/fractions/total-actively-delegated?includeApy=true:0
[  749781ms] [ERROR] Failed to load resource: the server responded with a status of 500 (Internal Server Error) @ http://localhost:3000/api/fractions/actively-delegated-by-week?startWeek=97&endWeek=116:0
[  749781ms] [ERROR] Failed to load resource: the server responded with a status of 500 (Internal Server Error) @ http://localhost:3000/api/fractions/actively-delegated-by-week?startWeek=117&endWeek=117:0
